---
source: src/codegen.rs
expression: "generate(quote::quote!\n{ <div> {\"static\"} {.when(cond, |d| d.child(\"dynamic\"))} </div> })"
---
fn __wrapper() {
    {
        fn __assert_parent_element<T: gpui::ParentElement>() {}
        __assert_parent_element::<gpui::Div>();
        {
            #[allow(path_statements)] div;
            div()
        }
    }
        .child("static")
        .when(cond, |d| d.child("dynamic"))
}
