---
source: src/codegen.rs
expression: "generate(quote::quote!\n{ <deferred> <div>{\"Deferred content\"}</div> </deferred> })"
---
fn __wrapper() {
    deferred(
        ({
            fn __assert_parent_element<T: gpui::ParentElement>() {}
            __assert_parent_element::<gpui::Div>();
            {
                #[allow(path_statements)] div;
                div()
            }
        }
            .child("Deferred content"))
            .into_any_element(),
    )
}
