---
source: src/codegen.rs
expression: "generate(quote::quote! { div [flex] { div { \"Inner\" }, } })"
---
fn __wrapper() {
    {
        fn __assert_parent_element<T: gpui::ParentElement>() {}
        __assert_parent_element::<gpui::Div>();
        div().flex()
    }
        .child(
            {
                fn __assert_parent_element<T: gpui::ParentElement>() {}
                __assert_parent_element::<gpui::Div>();
                div()
            }
                .child("Inner"),
        )
}
