---
source: src/codegen.rs
expression: "generate(quote::quote! { div { .flex().flex_col().gap_2(), } })"
---
fn __wrapper() {
    {
        fn __assert_parent_element<T: gpui::ParentElement>() {}
        __assert_parent_element::<gpui::Div>();
        div()
    }
        .flex()
        .flex_col()
        .gap_2()
}
